============================= test session starts =============================
platform win32 -- Python 3.14.2, pytest-9.0.2, pluggy-1.6.0
rootdir: C:\Users\Yass0\OneDrive\Desktop\TASK14
plugins: anyio-4.12.1
collected 16 items

tests\test_registry_api.py FF.FFF..FFFF                                  [ 75%]
uniguru\tests\test_query_classifier.py ....                              [100%]

================================== FAILURES ===================================
________________ test_bhiv_post_ask_returns_ontology_reference ________________

    def test_bhiv_post_ask_returns_ontology_reference() -> None:
        response = client.post(
            "/ask",
            json={
                "user_query": "What is a qubit?",
                "session_id": "bhiv-integration-1",
                "allow_web_retrieval": False,
                "context": {"caller": "internal-testing"},
            },
        )
>       assert response.status_code == 200
E       assert 401 == 200
E        +  where 401 = <Response [401 Unauthorized]>.status_code

tests\test_registry_api.py:24: AssertionError
______________ test_canonical_contract_request_shape_is_accepted ______________

    def test_canonical_contract_request_shape_is_accepted() -> None:
        response = client.post(
            "/ask",
            json={
                "query": "What is a qubit?",
                "session_id": "bhiv-integration-contract",
                "allow_web": False,
                "context": {"origin": "bhiv-tests", "caller": "internal-testing"},
            },
        )
>       assert response.status_code == 200
E       assert 401 == 200
E        +  where 401 = <Response [401 Unauthorized]>.status_code

tests\test_registry_api.py:45: AssertionError
_______________ test_public_ontology_endpoint_resolves_concept ________________

    def test_public_ontology_endpoint_resolves_concept() -> None:
        ask_response = client.post(
            "/ask",
            json={
                "user_query": "Explain ahimsa",
                "session_id": "bhiv-integration-2",
                "context": {"caller": "internal-testing"},
            },
        )
>       assert ask_response.status_code == 200
E       assert 401 == 200
E        +  where 401 = <Response [401 Unauthorized]>.status_code

tests\test_registry_api.py:76: AssertionError
____________________ test_observability_endpoints_exposed _____________________

    def test_observability_endpoints_exposed() -> None:
        live = client.get("/health/live")
        root_ready = client.get("/ready")
        ready = client.get("/health/ready")
        metrics = client.get("/metrics")
        dashboard = client.get("/monitoring/dashboard")
    
        assert live.status_code == 200
        assert root_ready.status_code == 200
        assert ready.status_code == 200
>       assert metrics.status_code == 200
E       assert 401 == 200
E        +  where 401 = <Response [401 Unauthorized]>.status_code

tests\test_registry_api.py:100: AssertionError
_________________________ test_rate_limit_is_enforced _________________________

    def test_rate_limit_is_enforced() -> None:
        original_limit = api_module._RATE_LIMIT_MAX_REQUESTS
        original_window = api_module._RATE_LIMIT_WINDOW_SECONDS
        try:
            api_module._RATE_LIMIT_MAX_REQUESTS = 1
            api_module._RATE_LIMIT_WINDOW_SECONDS = 60
            api_module._RATE_LIMIT_BUCKET.clear()
    
            first = client.post("/ask", json=_ask_payload("What is a qubit?"))
            second = client.post("/ask", json=_ask_payload("Explain ahimsa"))
    
>           assert first.status_code == 200
E           assert 401 == 200
E            +  where 401 = <Response [401 Unauthorized]>.status_code

tests\test_registry_api.py:118: AssertionError
_________________ test_metrics_reset_endpoint_clears_counters _________________

    def test_metrics_reset_endpoint_clears_counters() -> None:
        api_module._reset_metrics()
        first = client.post("/ask", json=_ask_payload("What is a qubit?"))
>       assert first.status_code == 200
E       assert 401 == 200
E        +  where 401 = <Response [401 Unauthorized]>.status_code

tests\test_registry_api.py:167: AssertionError
_______________________ test_missing_caller_is_rejected _______________________

    def test_missing_caller_is_rejected() -> None:
        response = client.post("/ask", json={"query": "What is a qubit?"})
>       assert response.status_code == 400
E       assert 401 == 400
E        +  where 401 = <Response [401 Unauthorized]>.status_code

tests\test_registry_api.py:181: AssertionError
_______________________ test_unknown_caller_is_rejected _______________________

    def test_unknown_caller_is_rejected() -> None:
        response = client.post("/ask", json={"query": "What is a qubit?", "context": {"caller": "unknown-client"}})
>       assert response.status_code == 403
E       assert 401 == 403
E        +  where 401 = <Response [401 Unauthorized]>.status_code

tests\test_registry_api.py:186: AssertionError
___________________ test_allowed_header_caller_is_accepted ____________________

    def test_allowed_header_caller_is_accepted() -> None:
        response = client.post(
            "/ask",
            json={"query": "What is a qubit?"},
            headers={"X-Caller-Name": "internal-testing"},
        )
>       assert response.status_code == 200
E       assert 401 == 200
E        +  where 401 = <Response [401 Unauthorized]>.status_code

tests\test_registry_api.py:195: AssertionError
=========================== short test summary info ===========================
FAILED tests/test_registry_api.py::test_bhiv_post_ask_returns_ontology_reference
FAILED tests/test_registry_api.py::test_canonical_contract_request_shape_is_accepted
FAILED tests/test_registry_api.py::test_public_ontology_endpoint_resolves_concept
FAILED tests/test_registry_api.py::test_observability_endpoints_exposed - ass...
FAILED tests/test_registry_api.py::test_rate_limit_is_enforced - assert 401 =...
FAILED tests/test_registry_api.py::test_metrics_reset_endpoint_clears_counters
FAILED tests/test_registry_api.py::test_missing_caller_is_rejected - assert 4...
FAILED tests/test_registry_api.py::test_unknown_caller_is_rejected - assert 4...
FAILED tests/test_registry_api.py::test_allowed_header_caller_is_accepted - a...
========================= 9 failed, 7 passed in 1.11s =========================
