=== Testing KB Query ===
Decision: answer
Route: ROUTE_UNIGURU
Reason: Knowledge found in local KB and verified.
Answer: Based on verified source: mahavira_life.md

Answer:
Jain Knowledge Base ù Mahavira: Life and Teachings Content Vardhamana Mahavira (599û527 BCE) is the 24th and last Tirthankara (ford-maker/enlightened teacher) of the current cosmic cycle in Jain cosmology.

Source:
jain/mahavira_life.md

=== Testing Random Query ===
Decision: answer
Route: ROUTE_LLM
Reason: ROUTE_LLM served by internal demo mode.
Answer: I am still learning this topic, but here is a basic explanation... Here is one: Why did the developer go broke? Because they used up all their cache.

=== Testing LLM Query ===
Decision: answer
Route: ROUTE_LLM
Reason: ROUTE_LLM served by internal demo mode.
Answer: I am still learning this topic, but here is a basic explanation... how are you can be understood by starting with the core idea, then examples, and then practical usage.
